Archive member included to satisfy reference by file (symbol)

C:/PROGRA~2/ARMGNU~1/14EFD8~1.2RE/bin/../lib/gcc/arm-none-eabi/14.2.1\libc.a(libc_a-init.o)
                              CMakeFiles/NUCLEO_F411RE.dir/startup_stm32f411xe.s.obj (__libc_init_array)
C:/PROGRA~2/ARMGNU~1/14EFD8~1.2RE/bin/../lib/gcc/arm-none-eabi/14.2.1\libgcc.a(_udivsi3.o)
                              CMakeFiles/NUCLEO_F411RE.dir/Core/Src/system_stm32f4xx.c.obj (__aeabi_uidiv)
C:/PROGRA~2/ARMGNU~1/14EFD8~1.2RE/bin/../lib/gcc/arm-none-eabi/14.2.1\libgcc.a(_dvmd_tls.o)
                              C:/PROGRA~2/ARMGNU~1/14EFD8~1.2RE/bin/../lib/gcc/arm-none-eabi/14.2.1\libgcc.a(_udivsi3.o) (__aeabi_idiv0)

Discarded input sections

 .data          0x00000000        0x0 CMakeFiles/NUCLEO_F411RE.dir/Core/Src/main.cpp.obj
 .bss           0x00000000        0x0 CMakeFiles/NUCLEO_F411RE.dir/Core/Src/main.cpp.obj
 .bss           0x00000000        0x0 CMakeFiles/NUCLEO_F411RE.dir/Core/Src/system_stm32f4xx.c.obj
 .data          0x00000000        0x0 CMakeFiles/NUCLEO_F411RE.dir/Core/Src/crt_stubs.c.obj
 .bss           0x00000000        0x0 CMakeFiles/NUCLEO_F411RE.dir/Core/Src/crt_stubs.c.obj
 .text          0x00000000       0x14 CMakeFiles/NUCLEO_F411RE.dir/startup_stm32f411xe.s.obj
 .data          0x00000000        0x0 CMakeFiles/NUCLEO_F411RE.dir/startup_stm32f411xe.s.obj
 .bss           0x00000000        0x0 CMakeFiles/NUCLEO_F411RE.dir/startup_stm32f411xe.s.obj
 .data          0x00000000        0x0 CMakeFiles/NUCLEO_F411RE.dir/Core/Src/L000_Led_Toggle_Addr.cpp.obj
 .bss           0x00000000        0x0 CMakeFiles/NUCLEO_F411RE.dir/Core/Src/L000_Led_Toggle_Addr.cpp.obj
 .rodata        0x00000000       0x1c CMakeFiles/NUCLEO_F411RE.dir/Core/Src/L000_Led_Toggle_Addr.cpp.obj
 .text          0x00000000        0x0 CMakeFiles/NUCLEO_F411RE.dir/Core/Src/C_L000_Led_Toggle_Addr.c.obj
 .data          0x00000000        0x0 CMakeFiles/NUCLEO_F411RE.dir/Core/Src/C_L000_Led_Toggle_Addr.c.obj
 .bss           0x00000000        0x0 CMakeFiles/NUCLEO_F411RE.dir/Core/Src/C_L000_Led_Toggle_Addr.c.obj
 .debug_line    0x00000000        0x0 CMakeFiles/NUCLEO_F411RE.dir/Core/Src/C_L000_Led_Toggle_Addr.c.obj
 .debug_str     0x00000000      0x134 CMakeFiles/NUCLEO_F411RE.dir/Core/Src/C_L000_Led_Toggle_Addr.c.obj
 .comment       0x00000000       0x46 CMakeFiles/NUCLEO_F411RE.dir/Core/Src/C_L000_Led_Toggle_Addr.c.obj
 .ARM.attributes
                0x00000000       0x2a CMakeFiles/NUCLEO_F411RE.dir/Core/Src/C_L000_Led_Toggle_Addr.c.obj
 .text          0x00000000        0x0 C:/PROGRA~2/ARMGNU~1/14EFD8~1.2RE/bin/../lib/gcc/arm-none-eabi/14.2.1\libc.a(libc_a-init.o)
 .data          0x00000000        0x0 C:/PROGRA~2/ARMGNU~1/14EFD8~1.2RE/bin/../lib/gcc/arm-none-eabi/14.2.1\libc.a(libc_a-init.o)
 .bss           0x00000000        0x0 C:/PROGRA~2/ARMGNU~1/14EFD8~1.2RE/bin/../lib/gcc/arm-none-eabi/14.2.1\libc.a(libc_a-init.o)
 .debug_frame   0x00000000       0x34 C:/PROGRA~2/ARMGNU~1/14EFD8~1.2RE/bin/../lib/gcc/arm-none-eabi/14.2.1\libc.a(libc_a-init.o)
 .ARM.attributes
                0x00000000       0x2a C:/PROGRA~2/ARMGNU~1/14EFD8~1.2RE/bin/../lib/gcc/arm-none-eabi/14.2.1\libc.a(libc_a-init.o)
 .data          0x00000000        0x0 C:/PROGRA~2/ARMGNU~1/14EFD8~1.2RE/bin/../lib/gcc/arm-none-eabi/14.2.1\libgcc.a(_udivsi3.o)
 .bss           0x00000000        0x0 C:/PROGRA~2/ARMGNU~1/14EFD8~1.2RE/bin/../lib/gcc/arm-none-eabi/14.2.1\libgcc.a(_udivsi3.o)
 .debug_frame   0x00000000       0x20 C:/PROGRA~2/ARMGNU~1/14EFD8~1.2RE/bin/../lib/gcc/arm-none-eabi/14.2.1\libgcc.a(_udivsi3.o)
 .debug_line_str
                0x00000000       0xbd C:/PROGRA~2/ARMGNU~1/14EFD8~1.2RE/bin/../lib/gcc/arm-none-eabi/14.2.1\libgcc.a(_udivsi3.o)
 .ARM.attributes
                0x00000000       0x1c C:/PROGRA~2/ARMGNU~1/14EFD8~1.2RE/bin/../lib/gcc/arm-none-eabi/14.2.1\libgcc.a(_udivsi3.o)
 .data          0x00000000        0x0 C:/PROGRA~2/ARMGNU~1/14EFD8~1.2RE/bin/../lib/gcc/arm-none-eabi/14.2.1\libgcc.a(_dvmd_tls.o)
 .bss           0x00000000        0x0 C:/PROGRA~2/ARMGNU~1/14EFD8~1.2RE/bin/../lib/gcc/arm-none-eabi/14.2.1\libgcc.a(_dvmd_tls.o)
 .debug_line_str
                0x00000000       0xbd C:/PROGRA~2/ARMGNU~1/14EFD8~1.2RE/bin/../lib/gcc/arm-none-eabi/14.2.1\libgcc.a(_dvmd_tls.o)
 .ARM.attributes
                0x00000000       0x1c C:/PROGRA~2/ARMGNU~1/14EFD8~1.2RE/bin/../lib/gcc/arm-none-eabi/14.2.1\libgcc.a(_dvmd_tls.o)

Memory Configuration

Name             Origin             Length             Attributes
RAM              0x20000000         0x00020000         xrw
FLASH            0x08000000         0x00080000         xr
*default*        0x00000000         0xffffffff

Linker script and memory map

LOAD CMakeFiles/NUCLEO_F411RE.dir/Core/Src/main.cpp.obj
LOAD CMakeFiles/NUCLEO_F411RE.dir/Core/Src/system_stm32f4xx.c.obj
LOAD CMakeFiles/NUCLEO_F411RE.dir/Core/Src/crt_stubs.c.obj
LOAD CMakeFiles/NUCLEO_F411RE.dir/startup_stm32f411xe.s.obj
LOAD CMakeFiles/NUCLEO_F411RE.dir/Core/Src/L000_Led_Toggle_Addr.cpp.obj
LOAD CMakeFiles/NUCLEO_F411RE.dir/Core/Src/C_L000_Led_Toggle_Addr.c.obj
                0x20020000                        _estack = (ORIGIN (RAM) + LENGTH (RAM))
                0x00000200                        _Min_Heap_Size = 0x200
                0x00000400                        _Min_Stack_Size = 0x400

.isr_vector     0x08000000      0x198
                0x08000000                        . = ALIGN (0x4)
 *(.isr_vector)
 .isr_vector    0x08000000      0x198 CMakeFiles/NUCLEO_F411RE.dir/startup_stm32f411xe.s.obj
                0x08000000                g_pfnVectors
                0x08000198                        . = ALIGN (0x4)

.text           0x08000198      0x44c
                0x08000198                        . = ALIGN (0x4)
 *(.text)
 .text          0x08000198       0x20 CMakeFiles/NUCLEO_F411RE.dir/Core/Src/main.cpp.obj
                0x08000198                main
 .text          0x080001b8      0x1e8 CMakeFiles/NUCLEO_F411RE.dir/Core/Src/system_stm32f4xx.c.obj
                0x080001b8                SystemInit
                0x080001d0                SystemCoreClockUpdate
 .text          0x080003a0       0x30 CMakeFiles/NUCLEO_F411RE.dir/Core/Src/crt_stubs.c.obj
                0x080003a0                _init
                0x080003b8                _fini
 .text          0x080003d0       0x18 CMakeFiles/NUCLEO_F411RE.dir/Core/Src/L000_Led_Toggle_Addr.cpp.obj
                0x080003d0                L000_Led_Toggle_addr()
 .text          0x080003e8      0x114 C:/PROGRA~2/ARMGNU~1/14EFD8~1.2RE/bin/../lib/gcc/arm-none-eabi/14.2.1\libgcc.a(_udivsi3.o)
                0x080003e8                __aeabi_uidiv
                0x080003e8                __udivsi3
                0x080004dc                __aeabi_uidivmod
 .text          0x080004fc        0x4 C:/PROGRA~2/ARMGNU~1/14EFD8~1.2RE/bin/../lib/gcc/arm-none-eabi/14.2.1\libgcc.a(_dvmd_tls.o)
                0x080004fc                __aeabi_idiv0
                0x080004fc                __aeabi_ldiv0
 *(.text*)
 .text.Reset_Handler
                0x08000500       0x50 CMakeFiles/NUCLEO_F411RE.dir/startup_stm32f411xe.s.obj
                0x08000500                Reset_Handler
 .text.Default_Handler
                0x08000550        0x2 CMakeFiles/NUCLEO_F411RE.dir/startup_stm32f411xe.s.obj
                0x08000550                RTC_Alarm_IRQHandler
                0x08000550                EXTI2_IRQHandler
                0x08000550                DebugMon_Handler
                0x08000550                SPI4_IRQHandler
                0x08000550                TIM1_CC_IRQHandler
                0x08000550                DMA2_Stream5_IRQHandler
                0x08000550                HardFault_Handler
                0x08000550                DMA1_Stream5_IRQHandler
                0x08000550                SysTick_Handler
                0x08000550                PVD_IRQHandler
                0x08000550                SDIO_IRQHandler
                0x08000550                TAMP_STAMP_IRQHandler
                0x08000550                PendSV_Handler
                0x08000550                NMI_Handler
                0x08000550                EXTI3_IRQHandler
                0x08000550                TIM1_UP_TIM10_IRQHandler
                0x08000550                I2C3_ER_IRQHandler
                0x08000550                EXTI0_IRQHandler
                0x08000550                I2C2_EV_IRQHandler
                0x08000550                DMA1_Stream2_IRQHandler
                0x08000550                FPU_IRQHandler
                0x08000550                UsageFault_Handler
                0x08000550                DMA2_Stream2_IRQHandler
                0x08000550                SPI1_IRQHandler
                0x08000550                TIM1_BRK_TIM9_IRQHandler
                0x08000550                DMA2_Stream3_IRQHandler
                0x08000550                USART6_IRQHandler
                0x08000550                DMA2_Stream0_IRQHandler
                0x08000550                TIM4_IRQHandler
                0x08000550                I2C1_EV_IRQHandler
                0x08000550                DMA1_Stream6_IRQHandler
                0x08000550                DMA1_Stream1_IRQHandler
                0x08000550                TIM3_IRQHandler
                0x08000550                RCC_IRQHandler
                0x08000550                Default_Handler
                0x08000550                EXTI15_10_IRQHandler
                0x08000550                ADC_IRQHandler
                0x08000550                DMA1_Stream7_IRQHandler
                0x08000550                SPI5_IRQHandler
                0x08000550                TIM5_IRQHandler
                0x08000550                DMA2_Stream7_IRQHandler
                0x08000550                I2C3_EV_IRQHandler
                0x08000550                EXTI9_5_IRQHandler
                0x08000550                RTC_WKUP_IRQHandler
                0x08000550                SPI2_IRQHandler
                0x08000550                MemManage_Handler
                0x08000550                DMA1_Stream0_IRQHandler
                0x08000550                SVC_Handler
                0x08000550                EXTI4_IRQHandler
                0x08000550                WWDG_IRQHandler
                0x08000550                TIM2_IRQHandler
                0x08000550                OTG_FS_WKUP_IRQHandler
                0x08000550                TIM1_TRG_COM_TIM11_IRQHandler
                0x08000550                EXTI1_IRQHandler
                0x08000550                USART2_IRQHandler
                0x08000550                I2C2_ER_IRQHandler
                0x08000550                DMA2_Stream1_IRQHandler
                0x08000550                FLASH_IRQHandler
                0x08000550                DMA2_Stream4_IRQHandler
                0x08000550                BusFault_Handler
                0x08000550                USART1_IRQHandler
                0x08000550                OTG_FS_IRQHandler
                0x08000550                SPI3_IRQHandler
                0x08000550                DMA1_Stream4_IRQHandler
                0x08000550                I2C1_ER_IRQHandler
                0x08000550                DMA2_Stream6_IRQHandler
                0x08000550                DMA1_Stream3_IRQHandler
 *fill*         0x08000552        0x2 
 .text.__libc_init_array
                0x08000554       0x90 C:/PROGRA~2/ARMGNU~1/14EFD8~1.2RE/bin/../lib/gcc/arm-none-eabi/14.2.1\libc.a(libc_a-init.o)
                0x08000554                __libc_init_array
 *(.glue_7)
 .glue_7        0x080005e4        0x0 linker stubs
 *(.glue_7t)
 .glue_7t       0x080005e4        0x0 linker stubs
 *(.eh_frame)
 *(.init)
 *(.fini)
                0x080005e4                        . = ALIGN (0x4)
                0x080005e4                        _etext = .

.vfp11_veneer   0x080005e4        0x0
 .vfp11_veneer  0x080005e4        0x0 linker stubs

.v4_bx          0x080005e4        0x0
 .v4_bx         0x080005e4        0x0 linker stubs

.iplt           0x080005e4        0x0
 .iplt          0x080005e4        0x0 CMakeFiles/NUCLEO_F411RE.dir/Core/Src/main.cpp.obj

.rodata         0x080005e4       0x18
                0x080005e4                        . = ALIGN (0x4)
 *(.rodata)
 .rodata        0x080005e4       0x18 CMakeFiles/NUCLEO_F411RE.dir/Core/Src/system_stm32f4xx.c.obj
                0x080005e4                AHBPrescTable
                0x080005f4                APBPrescTable
 *(.rodata*)
                0x080005fc                        . = ALIGN (0x4)

.rel.dyn        0x080005fc        0x0
 .rel.iplt      0x080005fc        0x0 CMakeFiles/NUCLEO_F411RE.dir/Core/Src/main.cpp.obj

.ARM.extab      0x080005fc        0x0
                0x080005fc                        . = ALIGN (0x4)
 *(.ARM.extab* .gnu.linkonce.armextab.*)
                0x080005fc                        . = ALIGN (0x4)

.ARM            0x080005fc        0x0
                0x080005fc                        . = ALIGN (0x4)
                0x080005fc                        __exidx_start = .
 *(.ARM.exidx*)
                0x080005fc                        __exidx_end = .
                0x080005fc                        . = ALIGN (0x4)

.preinit_array  0x080005fc        0x0
                0x080005fc                        . = ALIGN (0x4)
                0x080005fc                        PROVIDE (__preinit_array_start = .)
 *(.preinit_array*)
                0x080005fc                        PROVIDE (__preinit_array_end = .)
                0x080005fc                        . = ALIGN (0x4)

.init_array     0x080005fc        0x0
                0x080005fc                        . = ALIGN (0x4)
                0x080005fc                        PROVIDE (__init_array_start = .)
 *(SORT_BY_NAME(.init_array.*))
 *(.init_array*)
                0x080005fc                        PROVIDE (__init_array_end = .)
                0x080005fc                        . = ALIGN (0x4)

.fini_array     0x080005fc        0x0
                0x080005fc                        . = ALIGN (0x4)
                [!provide]                        PROVIDE (__fini_array_start = .)
 *(SORT_BY_NAME(.fini_array.*))
 *(.fini_array*)
                [!provide]                        PROVIDE (__fini_array_end = .)
                0x080005fc                        . = ALIGN (0x4)
                0x080005fc                        _sidata = LOADADDR (.data)

.data           0x20000000        0x4 load address 0x080005fc
                0x20000000                        . = ALIGN (0x4)
                0x20000000                        _sdata = .
 *(.data)
 .data          0x20000000        0x4 CMakeFiles/NUCLEO_F411RE.dir/Core/Src/system_stm32f4xx.c.obj
                0x20000000                SystemCoreClock
 *(.data*)
 *(.RamFunc)
 *(.RamFunc*)
                0x20000004                        . = ALIGN (0x4)
                0x20000004                        _edata = .

.igot.plt       0x20000004        0x0 load address 0x08000600
 .igot.plt      0x20000004        0x0 CMakeFiles/NUCLEO_F411RE.dir/Core/Src/main.cpp.obj
                0x20000004                        . = ALIGN (0x4)

.bss            0x20000004        0x0 load address 0x08000600
                0x20000004                        _sbss = .
                0x20000004                        __bss_start__ = _sbss
 *(.bss)
 *(.bss*)
 *(COMMON)
                0x20000004                        . = ALIGN (0x4)
                0x20000004                        _ebss = .
                0x20000004                        __bss_end__ = _ebss

._user_heap_stack
                0x20000004      0x604 load address 0x08000600
                0x20000008                        . = ALIGN (0x8)
 *fill*         0x20000004        0x4 
                [!provide]                        PROVIDE (end = .)
                [!provide]                        PROVIDE (_end = .)
                0x20000208                        . = (. + _Min_Heap_Size)
 *fill*         0x20000008      0x200 
                0x20000608                        . = (. + _Min_Stack_Size)
 *fill*         0x20000208      0x400 
                0x20000608                        . = ALIGN (0x8)

/DISCARD/
 libc.a(*)
 libm.a(*)
 libgcc.a(*)
OUTPUT(NUCLEO_F411RE.elf elf32-littlearm)
LOAD linker stubs
LOAD C:/PROGRA~2/ARMGNU~1/14EFD8~1.2RE/bin/../lib/gcc/arm-none-eabi/14.2.1\libc.a
LOAD C:/PROGRA~2/ARMGNU~1/14EFD8~1.2RE/bin/../lib/gcc/arm-none-eabi/14.2.1\libm.a
LOAD C:/PROGRA~2/ARMGNU~1/14EFD8~1.2RE/bin/../lib/gcc/arm-none-eabi/14.2.1\libgcc.a

.debug_info     0x00000000      0x830
 .debug_info    0x00000000       0x8f CMakeFiles/NUCLEO_F411RE.dir/Core/Src/main.cpp.obj
 .debug_info    0x0000008f      0x33c CMakeFiles/NUCLEO_F411RE.dir/Core/Src/system_stm32f4xx.c.obj
 .debug_info    0x000003cb       0x47 CMakeFiles/NUCLEO_F411RE.dir/Core/Src/crt_stubs.c.obj
 .debug_info    0x00000412       0x30 CMakeFiles/NUCLEO_F411RE.dir/startup_stm32f411xe.s.obj
 .debug_info    0x00000442      0x3ee CMakeFiles/NUCLEO_F411RE.dir/Core/Src/L000_Led_Toggle_Addr.cpp.obj

.debug_abbrev   0x00000000      0x24f
 .debug_abbrev  0x00000000       0x56 CMakeFiles/NUCLEO_F411RE.dir/Core/Src/main.cpp.obj
 .debug_abbrev  0x00000056      0x11a CMakeFiles/NUCLEO_F411RE.dir/Core/Src/system_stm32f4xx.c.obj
 .debug_abbrev  0x00000170       0x2f CMakeFiles/NUCLEO_F411RE.dir/Core/Src/crt_stubs.c.obj
 .debug_abbrev  0x0000019f       0x24 CMakeFiles/NUCLEO_F411RE.dir/startup_stm32f411xe.s.obj
 .debug_abbrev  0x000001c3       0x8c CMakeFiles/NUCLEO_F411RE.dir/Core/Src/L000_Led_Toggle_Addr.cpp.obj

.debug_aranges  0x00000000       0xa8
 .debug_aranges
                0x00000000       0x20 CMakeFiles/NUCLEO_F411RE.dir/Core/Src/main.cpp.obj
 .debug_aranges
                0x00000020       0x20 CMakeFiles/NUCLEO_F411RE.dir/Core/Src/system_stm32f4xx.c.obj
 .debug_aranges
                0x00000040       0x20 CMakeFiles/NUCLEO_F411RE.dir/Core/Src/crt_stubs.c.obj
 .debug_aranges
                0x00000060       0x28 CMakeFiles/NUCLEO_F411RE.dir/startup_stm32f411xe.s.obj
 .debug_aranges
                0x00000088       0x20 CMakeFiles/NUCLEO_F411RE.dir/Core/Src/L000_Led_Toggle_Addr.cpp.obj

.debug_line     0x00000000      0x656
 .debug_line    0x00000000       0x9d CMakeFiles/NUCLEO_F411RE.dir/Core/Src/main.cpp.obj
 .debug_line    0x0000009d      0x262 CMakeFiles/NUCLEO_F411RE.dir/Core/Src/system_stm32f4xx.c.obj
 .debug_line    0x000002ff       0xa0 CMakeFiles/NUCLEO_F411RE.dir/Core/Src/crt_stubs.c.obj
 .debug_line    0x0000039f       0x7a CMakeFiles/NUCLEO_F411RE.dir/startup_stm32f411xe.s.obj
 .debug_line    0x00000419      0x23d CMakeFiles/NUCLEO_F411RE.dir/Core/Src/L000_Led_Toggle_Addr.cpp.obj

.debug_str      0x00000000      0x709
 .debug_str     0x00000000      0x709 CMakeFiles/NUCLEO_F411RE.dir/Core/Src/main.cpp.obj
                                0x20e (size before relaxing)
 .debug_str     0x00000709      0x34e CMakeFiles/NUCLEO_F411RE.dir/Core/Src/system_stm32f4xx.c.obj
 .debug_str     0x00000709      0x133 CMakeFiles/NUCLEO_F411RE.dir/Core/Src/crt_stubs.c.obj
 .debug_str     0x00000709       0xea CMakeFiles/NUCLEO_F411RE.dir/startup_stm32f411xe.s.obj
 .debug_str     0x00000709      0x4b9 CMakeFiles/NUCLEO_F411RE.dir/Core/Src/L000_Led_Toggle_Addr.cpp.obj

.comment        0x00000000       0x45
 .comment       0x00000000       0x45 CMakeFiles/NUCLEO_F411RE.dir/Core/Src/main.cpp.obj
                                 0x46 (size before relaxing)
 .comment       0x00000045       0x46 CMakeFiles/NUCLEO_F411RE.dir/Core/Src/system_stm32f4xx.c.obj
 .comment       0x00000045       0x46 CMakeFiles/NUCLEO_F411RE.dir/Core/Src/crt_stubs.c.obj
 .comment       0x00000045       0x46 CMakeFiles/NUCLEO_F411RE.dir/Core/Src/L000_Led_Toggle_Addr.cpp.obj

.ARM.attributes
                0x00000000       0x31
 .ARM.attributes
                0x00000000       0x2a CMakeFiles/NUCLEO_F411RE.dir/Core/Src/main.cpp.obj
 .ARM.attributes
                0x0000002a       0x2a CMakeFiles/NUCLEO_F411RE.dir/Core/Src/system_stm32f4xx.c.obj
 .ARM.attributes
                0x00000054       0x2a CMakeFiles/NUCLEO_F411RE.dir/Core/Src/crt_stubs.c.obj
 .ARM.attributes
                0x0000007e       0x21 CMakeFiles/NUCLEO_F411RE.dir/startup_stm32f411xe.s.obj
 .ARM.attributes
                0x0000009f       0x2a CMakeFiles/NUCLEO_F411RE.dir/Core/Src/L000_Led_Toggle_Addr.cpp.obj

.debug_frame    0x00000000      0x10c
 .debug_frame   0x00000000       0x34 CMakeFiles/NUCLEO_F411RE.dir/Core/Src/main.cpp.obj
 .debug_frame   0x00000034       0x58 CMakeFiles/NUCLEO_F411RE.dir/Core/Src/system_stm32f4xx.c.obj
 .debug_frame   0x0000008c       0x50 CMakeFiles/NUCLEO_F411RE.dir/Core/Src/crt_stubs.c.obj
 .debug_frame   0x000000dc       0x30 CMakeFiles/NUCLEO_F411RE.dir/Core/Src/L000_Led_Toggle_Addr.cpp.obj

.debug_line_str
                0x00000000       0xce
 .debug_line_str
                0x00000000       0xce CMakeFiles/NUCLEO_F411RE.dir/startup_stm32f411xe.s.obj

.debug_rnglists
                0x00000000       0x19
 .debug_rnglists
                0x00000000       0x19 CMakeFiles/NUCLEO_F411RE.dir/startup_stm32f411xe.s.obj
